This is pdfTeX, Version 3.141592653-2.6-1.40.29 (TeX Live 2026/Arch Linux) (preloaded format=pdflatex 2026.7.16)  5 OCT 2026 19:24
entering extended mode
 restricted \write18 enabled.
 file:line:error style messages enabled.
 %&-line parsing enabled.
**main.tex
(./main.tex
LaTeX2e <2025-11-01>
L3 programming layer <2026-01-19>
(/usr/share/texmf-dist/tex/latex/base/article.cls
Document Class: article 2025/01/22 v1.4n Standard LaTeX document class
(/usr/share/texmf-dist/tex/latex/base/size12.clo
File: size12.clo 2025/01/22 v1.4n Standard LaTeX file (size option)
)
\c@part=\count275
\c@section=\count276
\c@subsection=\count277
\c@subsubsection=\count278
\c@paragraph=\count279
\c@subparagraph=\count280
\c@figure=\count281
\c@table=\count282
\abovecaptionskip=\skip49
\belowcaptionskip=\skip50
\bibindent=\dimen148
) (/usr/share/texmf-dist/tex/latex/subfiles/subfiles.sty
Package: subfiles 2020/11/14 v2.2 Multi-file projects (package)
 (/usr/share/texmf-dist/tex/latex/import/import.sty
Package: import 2020/04/01  v 6.2
)) (/usr/share/texmf-dist/tex/latex/graphics/graphicx.sty
Package: graphicx 2024/12/31 v1.2e Enhanced LaTeX Graphics (DPC,SPQR)
 (/usr/share/texmf-dist/tex/latex/graphics/keyval.sty
Package: keyval 2022/05/29 v1.15 key=value parser (DPC)
\KV@toks@=\toks17
) (/usr/share/texmf-dist/tex/latex/graphics/graphics.sty
Package: graphics 2024/08/06 v1.4g Standard LaTeX Graphics (DPC,SPQR)
 (/usr/share/texmf-dist/tex/latex/graphics/trig.sty
Package: trig 2023/12/02 v1.11 sin cos tan (DPC)
) (/usr/share/texmf-dist/tex/latex/graphics-cfg/graphics.cfg
File: graphics.cfg 2016/06/04 v1.11 sample graphics configuration
)
Package graphics Info: Driver file: pdftex.def on input line 106.
 (/usr/share/texmf-dist/tex/latex/graphics-def/pdftex.def
File: pdftex.def 2025/09/29 v1.2d Graphics/color driver for pdftex
))
\Gin@req@height=\dimen149
\Gin@req@width=\dimen150
) (/usr/share/texmf-dist/tex/latex/l3backend/l3backend-pdftex.def
File: l3backend-pdftex.def 2025-10-09 L3 backend support: PDF output (pdfTeX)
\l__color_backend_stack_int=\count283
) (./main.aux)
\openout1 = `main.aux'.

LaTeX Font Info:    Checking defaults for OML/cmm/m/it on input line 11.
LaTeX Font Info:    ... okay on input line 11.
LaTeX Font Info:    Checking defaults for OMS/cmsy/m/n on input line 11.
LaTeX Font Info:    ... okay on input line 11.
LaTeX Font Info:    Checking defaults for OT1/cmr/m/n on input line 11.
LaTeX Font Info:    ... okay on input line 11.
LaTeX Font Info:    Checking defaults for T1/cmr/m/n on input line 11.
LaTeX Font Info:    ... okay on input line 11.
LaTeX Font Info:    Checking defaults for TS1/cmr/m/n on input line 11.
LaTeX Font Info:    ... okay on input line 11.
LaTeX Font Info:    Checking defaults for OMX/cmex/m/n on input line 11.
LaTeX Font Info:    ... okay on input line 11.
LaTeX Font Info:    Checking defaults for U/cmr/m/n on input line 11.
LaTeX Font Info:    ... okay on input line 11.
 (/usr/share/texmf-dist/tex/context/base/mkii/supp-pdf.mkii
[Loading MPS to PDF converter (version 2006.09.02).]
\scratchcounter=\count284
\scratchdimen=\dimen151
\scratchbox=\box53
\nofMPsegments=\count285
\nofMParguments=\count286
\everyMPshowfont=\toks18
\MPscratchCnt=\count287
\MPscratchDim=\dimen152
\MPnumerator=\count288
\makeMPintoPDFobject=\count289
\everyMPtoPDFconversion=\toks19
) (/usr/share/texmf-dist/tex/latex/epstopdf-pkg/epstopdf-base.sty
Package: epstopdf-base 2020-01-24 v2.11 Base part for package epstopdf
Package epstopdf-base Info: Redefining graphics rule for `.eps' on input line 485.
 (/usr/share/texmf-dist/tex/latex/latexconfig/epstopdf-sys.cfg
File: epstopdf-sys.cfg 2010/07/13 v1.3 Configuration of (r)epstopdf for TeX Live
))
LaTeX Font Info:    External font `cmex10' loaded for size
(Font)              <14.4> on input line 12.
LaTeX Font Info:    External font `cmex10' loaded for size
(Font)              <7> on input line 12.
 (./mesh/mesh.tex
Overfull \hbox (3.22925pt too wide) in paragraph at lines 3--4
\OT1/cmr/m/n/12 cionare-mos al-gu-nas her-ramien-tas ex-ter-nas, como la im-portaci^^Son de ge-ometr^^S^^Pas
 []

LaTeX Font Info:    External font `cmex10' loaded for size
(Font)              <12> on input line 9.
LaTeX Font Info:    External font `cmex10' loaded for size
(Font)              <8> on input line 9.
LaTeX Font Info:    External font `cmex10' loaded for size
(Font)              <6> on input line 9.
[1

{/var/lib/texmf/fonts/map/pdftex/updmap/pdftex.map}{/usr/share/texmf-dist/fonts/enc/dvips/cm-super/cm-super-ts1.enc}]
<./mesh/puntos.png, id=13, 192.72pt x 205.76875pt>
File: ./mesh/puntos.png Graphic file (type png)
<use ./mesh/puntos.png>
Package pdftex.def Info: ./mesh/puntos.png  used on input line 22.
(pdftex.def)             Requested size: 117.00119pt x 124.92218pt.
 [2 <./mesh/puntos.png>] [3] [4]
Overfull \hbox (39.03584pt too wide) in paragraph at lines 126--127
\OT1/cmr/m/n/12 preser-van las aris-tas vi-vas ex-tra^^S^^Pdas pre-vi-a-mente con \OT1/cmtt/m/n/12 surfaceFeatureExtract\OT1/cmr/m/n/12 . 
 []

) (./solvers/solvers.tex
Overfull \hbox (25.9141pt too wide) in paragraph at lines 138--1
\OT1/cmr/m/n/12 ge-ometr^^S^^Pa de en-trada (\OT1/cmtt/m/n/12 geometry\OT1/cmr/m/n/12 ), los re-fi-namien-tos lo-cales (\OT1/cmtt/m/n/12 refinementSurfaces\OT1/cmr/m/n/12 ,
 []

[5]
Overfull \hbox (5.2002pt too wide) in paragraph at lines 18--18
[]    \OT1/cmtt/m/n/12 cp -r $FOAM_TUTORIALS/incompressible/icoFoam/cavity/cavity .[] 
 []

./solvers/solvers.tex:25: Missing $ inserted.
<inserted text> 
                $
l.25 \begin{verbatim}
                     
I've inserted a begin-math/end-math symbol since I think
you left one out. Proceed, with fingers crossed.

./solvers/solvers.tex:25: Missing \endgroup inserted.
<inserted text> 
                \endgroup 
l.25 \begin{verbatim}
                     
I've inserted something that you may have forgotten.
(See the <inserted text> above.)
With luck, this will get me unwedged. But if you
really didn't forget anything, try typing `2' now; then
my insertion and my current dilemma will both disappear.

./solvers/solvers.tex:25: Display math should end with $$.
<to be read again> 
                   \tex_par:D 
l.25 \begin{verbatim}
                     
The `$' that I just saw supposedly matches a previous `$$'.
So I shall assume that you typed `$$' both times.

[6]

./solvers/solvers.tex:38: LaTeX Error: \begin{document} ended by \end{verbatim}.

See the LaTeX manual or LaTeX Companion for explanation.
Type  H <return>  for immediate help.
 ...                                              
                                                  
l.38 \end{verbatim}
                   
Your command was ignored.
Type  I <command> <return>  to replace it with another command,
or  <return>  to continue without it.


./solvers/solvers.tex:40: LaTeX Error: Bad math environment delimiter.

See the LaTeX manual or LaTeX Companion for explanation.
Type  H <return>  for immediate help.
 ...                                              
                                                  
l.40 \]
       
Your command was ignored.
Type  I <command> <return>  to replace it with another command,
or  <return>  to continue without it.

)
./main.tex:14: Extra \endgroup.
\subfiles@subfile ... }{\filename@base }\endgroup 
                                                  
l.14 \subfile{./solvers/solvers.tex}
                                    
Things are pretty mixed up, but I think the worst is over.

(././corr1.tex
<./imagenes/tree-dambreak.png, id=33, 461.725pt x 435.6275pt>
File: ./imagenes/tree-dambreak.png Graphic file (type png)
<use ./imagenes/tree-dambreak.png>
Package pdftex.def Info: ./imagenes/tree-dambreak.png  used on input line 31.
(pdftex.def)             Requested size: 195.0pt x 183.97931pt.
 [7] [8 <./imagenes/tree-dambreak.png>]
Overfull \hbox (2.95125pt too wide) in paragraph at lines 48--49
[]\OT1/cmtt/m/n/12 type symmetryPlane\OT1/cmr/m/n/12 : replica lo que ocurre en el plano de simetr^^S^^Pa. 
 []

<./imagenes/modelo_3d.png, id=44, 1849.91125pt x 1036.87375pt>
File: ./imagenes/modelo_3d.png Graphic file (type png)
<use ./imagenes/modelo_3d.png>
Package pdftex.def Info: ./imagenes/modelo_3d.png  used on input line 64.
(pdftex.def)             Requested size: 350.99762pt x 196.72327pt.
[9 <./imagenes/modelo_3d.png>]
Overfull \hbox (68.6569pt too wide) in paragraph at lines 81--82
\OT1/cmr/m/n/12 dad (\OT1/cmtt/m/n/12 nu\OT1/cmr/m/n/12 ) y den-si-dad (\OT1/cmtt/m/n/12 rho\OT1/cmr/m/n/12 ) del l^^S^^Pquido y del aire en los archivos \OT1/cmtt/m/n/12 physicalProperties.water
 []


Overfull \hbox (30.18767pt too wide) in paragraph at lines 91--92
\OT1/cmr/m/n/12 Para flujo tur-bu-lento, debe-mos mod-i-ficar el archivo \OT1/cmtt/m/n/12 constant/momentumTransport
 []

<./imagenes/ras_file.png, id=49, 245.91875pt x 219.82124pt>
File: ./imagenes/ras_file.png Graphic file (type png)
<use ./imagenes/ras_file.png>
Package pdftex.def Info: ./imagenes/ras_file.png  used on input line 95.
(pdftex.def)             Requested size: 117.00119pt x 104.58388pt.

LaTeX Warning: `h' float specifier changed to `ht'.

[10]
<./imagenes/funciones.png, id=53, 205.76875pt x 260.975pt>
File: ./imagenes/funciones.png Graphic file (type png)
<use ./imagenes/funciones.png>
Package pdftex.def Info: ./imagenes/funciones.png  used on input line 117.
(pdftex.def)             Requested size: 155.99762pt x 197.84927pt.


LaTeX Warning: `h' float specifier changed to `ht'.

<./imagenes/probes_function.png, id=54, 350.30875pt x 377.41pt>
File: ./imagenes/probes_function.png Graphic file (type png)
<use ./imagenes/probes_function.png>
Package pdftex.def Info: ./imagenes/probes_function.png  used on input line 125.
(pdftex.def)             Requested size: 155.99762pt x 168.07072pt.

LaTeX Warning: `h' float specifier changed to `ht'.

[11 <./imagenes/ras_file.png>]
<./imagenes/fluido_mov1.png, id=59, 863.225pt x 285.065pt>
File: ./imagenes/fluido_mov1.png Graphic file (type png)
<use ./imagenes/fluido_mov1.png>
Package pdftex.def Info: ./imagenes/fluido_mov1.png  used on input line 143.
(pdftex.def)             Requested size: 234.00238pt x 77.27306pt.


LaTeX Warning: `h' float specifier changed to `ht'.

) (./incompressibleFluid/incompressibleFluid.tex) [12 <./imagenes/funciones.png>] [13 <./imagenes/probes_function.png> <./imagenes/fluido_mov1.png>] (./main.aux)
 ***********
LaTeX2e <2025-11-01>
L3 programming layer <2026-01-19>
 ***********
 ) 
Here is how much of TeX's memory you used:
 1520 strings out of 469515
 25633 string characters out of 5470807
 441756 words of memory out of 5000000
 30170 multiletter control sequences out of 15000+600000
 633742 words of font info for 60 fonts, out of 8000000 for 9000
 14 hyphenation exceptions out of 8191
 57i,7n,65p,574b,404s stack positions out of 10000i,1000n,20000p,200000b,200000s
</usr/share/texmf-dist/fonts/type1/public/amsfonts/cm/cmbx12.pfb></usr/share/texmf-dist/fonts/type1/public/amsfonts/cm/cmmi12.pfb></usr/share/texmf-dist/fonts/type1/public/amsfonts/cm/cmmi8.pfb></usr/share/texmf-dist/fonts/type1/public/amsfonts/cm/cmr12.pfb></usr/share/texmf-dist/fonts/type1/public/amsfonts/cm/cmr17.pfb></usr/share/texmf-dist/fonts/type1/public/amsfonts/cm/cmr8.pfb></usr/share/texmf-dist/fonts/type1/public/amsfonts/cm/cmsy10.pfb></usr/share/texmf-dist/fonts/type1/public/amsfonts/cm/cmsy8.pfb></usr/share/texmf-dist/fonts/type1/public/amsfonts/cm/cmti12.pfb></usr/share/texmf-dist/fonts/type1/public/amsfonts/cm/cmtt12.pfb></usr/share/texmf-dist/fonts/type1/public/cm-super/sfrm1200.pfb>
Output written on main.pdf (13 pages, 338088 bytes).
PDF statistics:
 118 PDF objects out of 1000 (max. 8388607)
 66 compressed objects within 1 object stream
 0 named destinations out of 1000 (max. 500000)
 36 words of extra memory for PDF output out of 10000 (max. 10000000)

